
> alphatech-website@0.0.0 build
> vite build

npm : [33mYou are 
using Node.js 
20.15.1. Vite 
requires Node.js 
version 20.19+ or 
22.12+. Please 
upgrade your Node.js 
version.[39m
At line:1 char:1
+ npm run build > 
build_output.txt 2>&1
+ ~~~~~~~~~~~~~~~~~~~
~~~~~~~~~~~~~~~~~~
    + CategoryInfo   
           : NotSpe  
  cified: ([33mYo   
 u are us...s ver    
sion.[39m:Strin    
g) [], RemoteExc    
eption
    + FullyQualified 
   ErrorId : Native  
  CommandError
 
[36mvite v7.2.7 [32mbuilding client environment for production...[36m[39m
transforming...
[32mΓ£ô[39m 13 modules transformed.
[31mΓ£ù[39m Build 
failed in 1.04s
[31merror during 
build:
[31m[vite:css] 
[postcss] It looks 
like you're trying 
to use `tailwindcss` 
directly as a 
PostCSS plugin. The 
PostCSS plugin has 
moved to a separate 
package, so to 
continue using 
Tailwind CSS with 
PostCSS you'll need 
to install `@tailwind
css/postcss` and 
update your PostCSS 
configuration.[31m
file: [36mC:/Users/A
SUS/OneDrive/Desktop/
Alpha/alphatech-websi
te/src/index.css:unde
fined:NaN[31m
    at lt (C:\Users\A
SUS\OneDrive\Desktop\
Alpha\alphatech-websi
te\node_modules\tailw
indcss\dist\lib.js:38
:1643)
    at 
LazyResult.runOnRoot 
(C:\Users\ASUS\OneDri
ve\Desktop\Alpha\alph
atech-website\node_mo
dules\postcss\lib\laz
y-result.js:361:16)
    at 
LazyResult.runAsync (
C:\Users\ASUS\OneDriv
e\Desktop\Alpha\alpha
tech-website\node_mod
ules\postcss\lib\lazy
-result.js:290:26)
    at async 
runPostCSS (file:///C
:/Users/ASUS/OneDrive
/Desktop/Alpha/alphat
ech-website/node_modu
les/vite/dist/node/ch
unks/config.js:30144:
19)
    at async 
compilePostCSS (file:
///C:/Users/ASUS/OneD
rive/Desktop/Alpha/al
phatech-website/node_
modules/vite/dist/nod
e/chunks/config.js:30
128:6)
    at async 
compileCSS (file:///C
:/Users/ASUS/OneDrive
/Desktop/Alpha/alphat
ech-website/node_modu
les/vite/dist/node/ch
unks/config.js:30058:
26)
    at async 
Object.handler (file:
///C:/Users/ASUS/OneD
rive/Desktop/Alpha/al
phatech-website/node_
modules/vite/dist/nod
e/chunks/config.js:29
591:54)
    at async 
transform (file:///C:
/Users/ASUS/OneDrive/
Desktop/Alpha/alphate
ch-website/node_modul
es/rollup/dist/es/sha
red/node-entry.js:211
63:16)
    at async ModuleLo
ader.addModuleSource 
(file:///C:/Users/ASU
S/OneDrive/Desktop/Al
pha/alphatech-website
/node_modules/rollup/
dist/es/shared/node-e
ntry.js:21377:36)[39
m
